
> er-visualizer@0.1.0 build
> react-scripts build

Creating an optimized production build...
